mode: set
github.com/Jisnu-Dev/studenttracker/internals/clients/tokenClient.go:23.62,25.16 2 1
github.com/Jisnu-Dev/studenttracker/internals/clients/tokenClient.go:25.16,27.3 1 0
github.com/Jisnu-Dev/studenttracker/internals/clients/tokenClient.go:29.2,32.8 1 1
github.com/Jisnu-Dev/studenttracker/internals/clients/tokenClient.go:35.108,43.16 4 1
github.com/Jisnu-Dev/studenttracker/internals/clients/tokenClient.go:43.16,45.3 1 1
github.com/Jisnu-Dev/studenttracker/internals/clients/tokenClient.go:47.2,47.29 1 1
github.com/Jisnu-Dev/studenttracker/internals/clients/tokenClient.go:50.101,57.16 4 1
github.com/Jisnu-Dev/studenttracker/internals/clients/tokenClient.go:57.16,59.3 1 1
github.com/Jisnu-Dev/studenttracker/internals/clients/tokenClient.go:61.2,61.72 1 1
github.com/Jisnu-Dev/studenttracker/internals/middlewares/authMiddleware.go:11.79,12.30 1 1
github.com/Jisnu-Dev/studenttracker/internals/middlewares/authMiddleware.go:12.30,14.23 2 1
github.com/Jisnu-Dev/studenttracker/internals/middlewares/authMiddleware.go:14.23,19.4 2 1
github.com/Jisnu-Dev/studenttracker/internals/middlewares/authMiddleware.go:21.3,22.63 2 1
github.com/Jisnu-Dev/studenttracker/internals/middlewares/authMiddleware.go:22.63,27.4 2 1
github.com/Jisnu-Dev/studenttracker/internals/middlewares/authMiddleware.go:29.3,32.29 3 1
github.com/Jisnu-Dev/studenttracker/internals/middlewares/authMiddleware.go:32.29,37.4 2 1
github.com/Jisnu-Dev/studenttracker/internals/middlewares/authMiddleware.go:39.3,42.11 3 1
github.com/Jisnu-Dev/studenttracker/internals/services/utils/utils.go:11.84,16.25 4 1
github.com/Jisnu-Dev/studenttracker/internals/services/utils/utils.go:16.25,20.3 3 1
github.com/Jisnu-Dev/studenttracker/internals/services/utils/utils.go:22.2,22.26 1 1
github.com/Jisnu-Dev/studenttracker/internals/services/utils/utils.go:22.26,26.3 3 1
github.com/Jisnu-Dev/studenttracker/internals/services/utils/utils.go:28.2,28.31 1 1
github.com/Jisnu-Dev/studenttracker/internals/services/utils/utils.go:28.31,32.3 3 1
github.com/Jisnu-Dev/studenttracker/internals/services/utils/utils.go:34.2,34.29 1 1
github.com/Jisnu-Dev/studenttracker/internals/services/utils/utils.go:34.29,38.3 3 1
github.com/Jisnu-Dev/studenttracker/internals/services/utils/utils.go:40.2,40.24 1 1
github.com/Jisnu-Dev/studenttracker/internals/services/utils/utils.go:40.24,44.3 3 1
github.com/Jisnu-Dev/studenttracker/internals/services/utils/utils.go:46.2,46.21 1 1
github.com/Jisnu-Dev/studenttracker/internals/services/utils/utils.go:46.21,48.3 1 1
github.com/Jisnu-Dev/studenttracker/internals/services/utils/utils.go:50.2,53.25 3 1
github.com/Jisnu-Dev/studenttracker/cmd/api.go:34.93,35.47 1 0
github.com/Jisnu-Dev/studenttracker/cmd/api.go:35.47,37.3 1 0
github.com/Jisnu-Dev/studenttracker/cmd/api.go:39.2,51.60 10 0
github.com/Jisnu-Dev/studenttracker/cmd/api.go:54.18,58.16 3 0
github.com/Jisnu-Dev/studenttracker/cmd/api.go:58.16,60.3 1 0
github.com/Jisnu-Dev/studenttracker/cmd/api.go:61.2,65.16 3 0
github.com/Jisnu-Dev/studenttracker/cmd/api.go:65.16,67.3 1 0
github.com/Jisnu-Dev/studenttracker/cmd/api.go:70.2,81.60 8 0
github.com/Jisnu-Dev/studenttracker/cmd/api.go:81.60,83.3 1 0
github.com/Jisnu-Dev/studenttracker/cmd/api.go:85.2,85.12 1 0
github.com/Jisnu-Dev/studenttracker/cmd/api.go:88.30,89.40 1 0
github.com/Jisnu-Dev/studenttracker/cmd/api.go:89.40,91.3 1 0
github.com/Jisnu-Dev/studenttracker/cmd/api.go:93.2,104.3 1 0
github.com/Jisnu-Dev/studenttracker/cmd/api.go:107.51,108.48 1 0
github.com/Jisnu-Dev/studenttracker/cmd/api.go:108.48,109.18 1 0
github.com/Jisnu-Dev/studenttracker/cmd/api.go:109.18,111.4 1 0
github.com/Jisnu-Dev/studenttracker/cmd/api.go:113.2,113.17 1 0
github.com/Jisnu-Dev/studenttracker/cmd/api.go:116.41,119.2 1 0
github.com/Jisnu-Dev/studenttracker/cmd/api.go:121.56,124.16 3 0
github.com/Jisnu-Dev/studenttracker/cmd/api.go:124.16,126.3 1 0
github.com/Jisnu-Dev/studenttracker/cmd/api.go:128.2,128.34 1 0
github.com/Jisnu-Dev/studenttracker/cmd/api.go:128.34,130.3 1 0
github.com/Jisnu-Dev/studenttracker/cmd/api.go:132.2,133.16 2 0
github.com/Jisnu-Dev/studenttracker/cmd/main.go:5.13,6.30 1 0
github.com/Jisnu-Dev/studenttracker/cmd/main.go:6.30,8.3 1 0
github.com/Jisnu-Dev/studenttracker/gen/token/token.pb.go:32.40,37.2 4 0
github.com/Jisnu-Dev/studenttracker/gen/token/token.pb.go:39.48,41.2 1 0
github.com/Jisnu-Dev/studenttracker/gen/token/token.pb.go:43.46,43.47 0 0
github.com/Jisnu-Dev/studenttracker/gen/token/token.pb.go:45.68,47.14 2 0
github.com/Jisnu-Dev/studenttracker/gen/token/token.pb.go:47.14,49.34 2 0
github.com/Jisnu-Dev/studenttracker/gen/token/token.pb.go:49.34,51.4 1 0
github.com/Jisnu-Dev/studenttracker/gen/token/token.pb.go:52.3,52.12 1 0
github.com/Jisnu-Dev/studenttracker/gen/token/token.pb.go:54.2,54.24 1 0
github.com/Jisnu-Dev/studenttracker/gen/token/token.pb.go:58.59,60.2 1 0
github.com/Jisnu-Dev/studenttracker/gen/token/token.pb.go:62.51,63.14 1 0
github.com/Jisnu-Dev/studenttracker/gen/token/token.pb.go:63.14,65.3 1 0
github.com/Jisnu-Dev/studenttracker/gen/token/token.pb.go:66.2,66.10 1 0
github.com/Jisnu-Dev/studenttracker/gen/token/token.pb.go:69.55,70.14 1 0
github.com/Jisnu-Dev/studenttracker/gen/token/token.pb.go:70.14,72.3 1 0
github.com/Jisnu-Dev/studenttracker/gen/token/token.pb.go:73.2,73.11 1 0
github.com/Jisnu-Dev/studenttracker/gen/token/token.pb.go:83.41,88.2 4 0
github.com/Jisnu-Dev/studenttracker/gen/token/token.pb.go:90.49,92.2 1 0
github.com/Jisnu-Dev/studenttracker/gen/token/token.pb.go:94.47,94.48 0 0
github.com/Jisnu-Dev/studenttracker/gen/token/token.pb.go:96.69,98.14 2 0
github.com/Jisnu-Dev/studenttracker/gen/token/token.pb.go:98.14,100.34 2 0
github.com/Jisnu-Dev/studenttracker/gen/token/token.pb.go:100.34,102.4 1 0
github.com/Jisnu-Dev/studenttracker/gen/token/token.pb.go:103.3,103.12 1 0
github.com/Jisnu-Dev/studenttracker/gen/token/token.pb.go:105.2,105.24 1 0
github.com/Jisnu-Dev/studenttracker/gen/token/token.pb.go:109.60,111.2 1 0
github.com/Jisnu-Dev/studenttracker/gen/token/token.pb.go:113.51,114.14 1 0
github.com/Jisnu-Dev/studenttracker/gen/token/token.pb.go:114.14,116.3 1 0
github.com/Jisnu-Dev/studenttracker/gen/token/token.pb.go:117.2,117.11 1 0
github.com/Jisnu-Dev/studenttracker/gen/token/token.pb.go:127.40,132.2 4 0
github.com/Jisnu-Dev/studenttracker/gen/token/token.pb.go:134.48,136.2 1 0
github.com/Jisnu-Dev/studenttracker/gen/token/token.pb.go:138.46,138.47 0 0
github.com/Jisnu-Dev/studenttracker/gen/token/token.pb.go:140.68,142.14 2 0
github.com/Jisnu-Dev/studenttracker/gen/token/token.pb.go:142.14,144.34 2 0
github.com/Jisnu-Dev/studenttracker/gen/token/token.pb.go:144.34,146.4 1 0
github.com/Jisnu-Dev/studenttracker/gen/token/token.pb.go:147.3,147.12 1 0
github.com/Jisnu-Dev/studenttracker/gen/token/token.pb.go:149.2,149.24 1 0
github.com/Jisnu-Dev/studenttracker/gen/token/token.pb.go:153.59,155.2 1 0
github.com/Jisnu-Dev/studenttracker/gen/token/token.pb.go:157.50,158.14 1 0
github.com/Jisnu-Dev/studenttracker/gen/token/token.pb.go:158.14,160.3 1 0
github.com/Jisnu-Dev/studenttracker/gen/token/token.pb.go:161.2,161.11 1 0
github.com/Jisnu-Dev/studenttracker/gen/token/token.pb.go:173.41,178.2 4 0
github.com/Jisnu-Dev/studenttracker/gen/token/token.pb.go:180.49,182.2 1 0
github.com/Jisnu-Dev/studenttracker/gen/token/token.pb.go:184.47,184.48 0 0
github.com/Jisnu-Dev/studenttracker/gen/token/token.pb.go:186.69,188.14 2 0
github.com/Jisnu-Dev/studenttracker/gen/token/token.pb.go:188.14,190.34 2 0
github.com/Jisnu-Dev/studenttracker/gen/token/token.pb.go:190.34,192.4 1 0
github.com/Jisnu-Dev/studenttracker/gen/token/token.pb.go:193.3,193.12 1 0
github.com/Jisnu-Dev/studenttracker/gen/token/token.pb.go:195.2,195.24 1 0
github.com/Jisnu-Dev/studenttracker/gen/token/token.pb.go:199.60,201.2 1 0
github.com/Jisnu-Dev/studenttracker/gen/token/token.pb.go:203.51,204.14 1 0
github.com/Jisnu-Dev/studenttracker/gen/token/token.pb.go:204.14,206.3 1 0
github.com/Jisnu-Dev/studenttracker/gen/token/token.pb.go:207.2,207.14 1 0
github.com/Jisnu-Dev/studenttracker/gen/token/token.pb.go:210.52,211.14 1 0
github.com/Jisnu-Dev/studenttracker/gen/token/token.pb.go:211.14,213.3 1 0
github.com/Jisnu-Dev/studenttracker/gen/token/token.pb.go:214.2,214.10 1 0
github.com/Jisnu-Dev/studenttracker/gen/token/token.pb.go:217.56,218.14 1 0
github.com/Jisnu-Dev/studenttracker/gen/token/token.pb.go:218.14,220.3 1 0
github.com/Jisnu-Dev/studenttracker/gen/token/token.pb.go:221.2,221.11 1 0
github.com/Jisnu-Dev/studenttracker/gen/token/token.pb.go:253.50,254.47 1 0
github.com/Jisnu-Dev/studenttracker/gen/token/token.pb.go:254.47,256.3 1 0
github.com/Jisnu-Dev/studenttracker/gen/token/token.pb.go:257.2,257.43 1 0
github.com/Jisnu-Dev/studenttracker/gen/token/token.pb.go:279.13,279.46 1 0
github.com/Jisnu-Dev/studenttracker/gen/token/token.pb.go:280.36,281.35 1 0
github.com/Jisnu-Dev/studenttracker/gen/token/token.pb.go:281.35,283.3 1 0
github.com/Jisnu-Dev/studenttracker/gen/token/token.pb.go:284.2,300.38 5 0
github.com/Jisnu-Dev/studenttracker/gen/token/token_grpc.pb.go:38.76,40.2 1 0
github.com/Jisnu-Dev/studenttracker/gen/token/token_grpc.pb.go:42.148,46.16 4 0
github.com/Jisnu-Dev/studenttracker/gen/token/token_grpc.pb.go:46.16,48.3 1 0
github.com/Jisnu-Dev/studenttracker/gen/token/token_grpc.pb.go:49.2,49.17 1 0
github.com/Jisnu-Dev/studenttracker/gen/token/token_grpc.pb.go:52.148,56.16 4 0
github.com/Jisnu-Dev/studenttracker/gen/token/token_grpc.pb.go:56.16,58.3 1 0
github.com/Jisnu-Dev/studenttracker/gen/token/token_grpc.pb.go:59.2,59.17 1 0
github.com/Jisnu-Dev/studenttracker/gen/token/token_grpc.pb.go:78.126,80.2 1 0
github.com/Jisnu-Dev/studenttracker/gen/token/token_grpc.pb.go:81.126,83.2 1 0
github.com/Jisnu-Dev/studenttracker/gen/token/token_grpc.pb.go:84.84,84.85 0 0
github.com/Jisnu-Dev/studenttracker/gen/token/token_grpc.pb.go:85.84,85.85 0 0
github.com/Jisnu-Dev/studenttracker/gen/token/token_grpc.pb.go:94.82,99.59 1 0
github.com/Jisnu-Dev/studenttracker/gen/token/token_grpc.pb.go:99.59,101.3 1 0
github.com/Jisnu-Dev/studenttracker/gen/token/token_grpc.pb.go:102.2,102.51 1 0
github.com/Jisnu-Dev/studenttracker/gen/token/token_grpc.pb.go:105.171,107.32 2 0
github.com/Jisnu-Dev/studenttracker/gen/token/token_grpc.pb.go:107.32,109.3 1 0
github.com/Jisnu-Dev/studenttracker/gen/token/token_grpc.pb.go:110.2,110.24 1 0
github.com/Jisnu-Dev/studenttracker/gen/token/token_grpc.pb.go:110.24,112.3 1 0
github.com/Jisnu-Dev/studenttracker/gen/token/token_grpc.pb.go:113.2,117.77 2 0
github.com/Jisnu-Dev/studenttracker/gen/token/token_grpc.pb.go:117.77,119.3 1 0
github.com/Jisnu-Dev/studenttracker/gen/token/token_grpc.pb.go:120.2,120.44 1 0
github.com/Jisnu-Dev/studenttracker/gen/token/token_grpc.pb.go:123.171,125.32 2 0
github.com/Jisnu-Dev/studenttracker/gen/token/token_grpc.pb.go:125.32,127.3 1 0
github.com/Jisnu-Dev/studenttracker/gen/token/token_grpc.pb.go:128.2,128.24 1 0
github.com/Jisnu-Dev/studenttracker/gen/token/token_grpc.pb.go:128.24,130.3 1 0
github.com/Jisnu-Dev/studenttracker/gen/token/token_grpc.pb.go:131.2,135.77 2 0
github.com/Jisnu-Dev/studenttracker/gen/token/token_grpc.pb.go:135.77,137.3 1 0
github.com/Jisnu-Dev/studenttracker/gen/token/token_grpc.pb.go:138.2,138.44 1 0
github.com/Jisnu-Dev/studenttracker/internals/handlers/utils/ParseParamID.go:10.67,13.16 3 0
github.com/Jisnu-Dev/studenttracker/internals/handlers/utils/ParseParamID.go:13.16,16.3 2 0
github.com/Jisnu-Dev/studenttracker/internals/handlers/utils/ParseParamID.go:17.2,17.17 1 0
github.com/Jisnu-Dev/studenttracker/internals/handlers/utils/bindJson.go:9.48,10.49 1 0
github.com/Jisnu-Dev/studenttracker/internals/handlers/utils/bindJson.go:10.49,13.3 2 0
github.com/Jisnu-Dev/studenttracker/internals/handlers/utils/bindJson.go:14.2,14.13 1 0
github.com/Jisnu-Dev/studenttracker/internals/handlers/utils/checkPasswordHash.go:7.52,10.2 2 0
github.com/Jisnu-Dev/studenttracker/internals/handlers/utils/hashPassword.go:7.58,10.2 2 0
github.com/Jisnu-Dev/studenttracker/internals/handlers/utils/respondWithError.go:5.71,7.2 1 0
github.com/Jisnu-Dev/studenttracker/internals/handlers/utils/respondWithJSON.go:5.67,7.2 1 0
github.com/Jisnu-Dev/studenttracker/internals/services/service.go:29.38,31.2 1 0
github.com/Jisnu-Dev/studenttracker/internals/services/service.go:33.40,35.28 2 0
github.com/Jisnu-Dev/studenttracker/internals/services/service.go:35.28,37.3 1 0
github.com/Jisnu-Dev/studenttracker/internals/services/service.go:38.2,38.14 1 0
github.com/Jisnu-Dev/studenttracker/internals/services/service.go:41.70,45.135 3 0
github.com/Jisnu-Dev/studenttracker/internals/services/service.go:45.135,46.29 1 0
github.com/Jisnu-Dev/studenttracker/internals/services/service.go:46.29,48.4 1 0
github.com/Jisnu-Dev/studenttracker/internals/services/service.go:49.3,54.49 2 0
github.com/Jisnu-Dev/studenttracker/internals/services/service.go:57.2,57.16 1 0
github.com/Jisnu-Dev/studenttracker/internals/services/service.go:60.62,64.16 3 0
github.com/Jisnu-Dev/studenttracker/internals/services/service.go:64.16,70.3 2 0
github.com/Jisnu-Dev/studenttracker/internals/services/service.go:71.2,74.18 3 0
github.com/Jisnu-Dev/studenttracker/internals/services/service.go:74.18,76.179 2 0
github.com/Jisnu-Dev/studenttracker/internals/services/service.go:76.179,82.4 2 0
github.com/Jisnu-Dev/studenttracker/internals/services/service.go:84.3,86.39 3 0
github.com/Jisnu-Dev/studenttracker/internals/services/service.go:89.2,89.35 1 0
github.com/Jisnu-Dev/studenttracker/internals/services/service.go:89.35,95.3 2 0
github.com/Jisnu-Dev/studenttracker/internals/services/service.go:97.2,97.22 1 0
github.com/Jisnu-Dev/studenttracker/internals/services/service.go:100.68,104.198 3 0
github.com/Jisnu-Dev/studenttracker/internals/services/service.go:104.198,105.36 1 0
github.com/Jisnu-Dev/studenttracker/internals/services/service.go:105.36,107.4 1 0
github.com/Jisnu-Dev/studenttracker/internals/services/service.go:108.3,113.65 2 0
github.com/Jisnu-Dev/studenttracker/internals/services/service.go:115.2,115.21 1 0
github.com/Jisnu-Dev/studenttracker/internals/services/service.go:118.49,122.16 3 0
github.com/Jisnu-Dev/studenttracker/internals/services/service.go:122.16,129.3 2 0
github.com/Jisnu-Dev/studenttracker/internals/services/service.go:131.2,132.16 2 0
github.com/Jisnu-Dev/studenttracker/internals/services/service.go:132.16,139.3 2 0
github.com/Jisnu-Dev/studenttracker/internals/services/service.go:140.2,140.23 1 0
github.com/Jisnu-Dev/studenttracker/internals/services/service.go:140.23,142.3 1 0
github.com/Jisnu-Dev/studenttracker/internals/services/service.go:144.2,144.12 1 0
github.com/Jisnu-Dev/studenttracker/internals/services/service.go:147.73,151.16 3 0
github.com/Jisnu-Dev/studenttracker/internals/services/service.go:151.16,152.29 1 0
github.com/Jisnu-Dev/studenttracker/internals/services/service.go:152.29,154.4 1 0
github.com/Jisnu-Dev/studenttracker/internals/services/service.go:155.3,160.46 2 0
github.com/Jisnu-Dev/studenttracker/internals/services/service.go:162.2,163.16 2 0
github.com/Jisnu-Dev/studenttracker/internals/services/service.go:163.16,170.3 2 0
github.com/Jisnu-Dev/studenttracker/internals/services/service.go:171.2,171.23 1 0
github.com/Jisnu-Dev/studenttracker/internals/services/service.go:171.23,173.3 1 0
github.com/Jisnu-Dev/studenttracker/internals/services/service.go:174.2,174.12 1 0
github.com/Jisnu-Dev/studenttracker/internals/services/service.go:177.77,179.16 2 0
github.com/Jisnu-Dev/studenttracker/internals/services/service.go:179.16,181.3 1 0
github.com/Jisnu-Dev/studenttracker/internals/services/service.go:183.2,184.16 2 0
github.com/Jisnu-Dev/studenttracker/internals/services/service.go:184.16,185.29 1 0
github.com/Jisnu-Dev/studenttracker/internals/services/service.go:185.29,187.4 1 0
github.com/Jisnu-Dev/studenttracker/internals/services/service.go:188.3,193.45 2 0
github.com/Jisnu-Dev/studenttracker/internals/services/service.go:196.2,197.16 2 0
github.com/Jisnu-Dev/studenttracker/internals/services/service.go:197.16,204.3 2 0
github.com/Jisnu-Dev/studenttracker/internals/services/service.go:205.2,205.23 1 0
github.com/Jisnu-Dev/studenttracker/internals/services/service.go:205.23,207.3 1 0
github.com/Jisnu-Dev/studenttracker/internals/services/service.go:208.2,208.12 1 0
github.com/Jisnu-Dev/studenttracker/internals/services/service.go:212.68,216.96 3 0
github.com/Jisnu-Dev/studenttracker/internals/services/service.go:216.96,217.29 1 0
github.com/Jisnu-Dev/studenttracker/internals/services/service.go:217.29,219.4 1 0
github.com/Jisnu-Dev/studenttracker/internals/services/service.go:220.3,225.49 2 0
github.com/Jisnu-Dev/studenttracker/internals/services/service.go:228.2,228.16 1 0
github.com/Jisnu-Dev/studenttracker/internals/services/service.go:231.71,235.112 3 0
github.com/Jisnu-Dev/studenttracker/internals/services/service.go:235.112,236.36 1 0
github.com/Jisnu-Dev/studenttracker/internals/services/service.go:236.36,238.4 1 0
github.com/Jisnu-Dev/studenttracker/internals/services/service.go:239.3,244.64 2 0
github.com/Jisnu-Dev/studenttracker/internals/services/service.go:247.2,247.19 1 0
github.com/Jisnu-Dev/studenttracker/internals/validation/validation.go:26.38,27.69 1 0
github.com/Jisnu-Dev/studenttracker/internals/validation/validation.go:27.69,29.3 1 0
github.com/Jisnu-Dev/studenttracker/internals/validation/validation.go:30.2,31.32 2 0
github.com/Jisnu-Dev/studenttracker/internals/validation/validation.go:31.32,33.3 1 0
github.com/Jisnu-Dev/studenttracker/internals/validation/validation.go:34.2,34.41 1 0
github.com/Jisnu-Dev/studenttracker/internals/validation/validation.go:34.41,36.3 1 0
github.com/Jisnu-Dev/studenttracker/internals/validation/validation.go:37.2,37.12 1 0
github.com/Jisnu-Dev/studenttracker/internals/validation/validation.go:40.40,41.17 1 0
github.com/Jisnu-Dev/studenttracker/internals/validation/validation.go:41.17,43.3 1 0
github.com/Jisnu-Dev/studenttracker/internals/validation/validation.go:44.2,44.27 1 0
github.com/Jisnu-Dev/studenttracker/internals/validation/validation.go:44.27,46.3 1 0
github.com/Jisnu-Dev/studenttracker/internals/validation/validation.go:47.2,47.39 1 0
github.com/Jisnu-Dev/studenttracker/internals/validation/validation.go:47.39,49.3 1 0
github.com/Jisnu-Dev/studenttracker/internals/validation/validation.go:50.2,50.35 1 0
github.com/Jisnu-Dev/studenttracker/internals/validation/validation.go:50.35,52.3 1 0
github.com/Jisnu-Dev/studenttracker/internals/validation/validation.go:53.2,53.40 1 0
github.com/Jisnu-Dev/studenttracker/internals/validation/validation.go:53.40,55.3 1 0
github.com/Jisnu-Dev/studenttracker/internals/validation/validation.go:57.2,58.16 2 0
github.com/Jisnu-Dev/studenttracker/internals/validation/validation.go:58.16,60.3 1 0
github.com/Jisnu-Dev/studenttracker/internals/validation/validation.go:61.2,61.27 1 0
github.com/Jisnu-Dev/studenttracker/internals/validation/validation.go:61.27,63.3 1 0
github.com/Jisnu-Dev/studenttracker/internals/validation/validation.go:65.2,65.12 1 0
github.com/Jisnu-Dev/studenttracker/internals/validation/validation.go:68.59,69.29 1 0
github.com/Jisnu-Dev/studenttracker/internals/validation/validation.go:69.29,71.3 1 0
github.com/Jisnu-Dev/studenttracker/internals/validation/validation.go:72.2,72.12 1 0
github.com/Jisnu-Dev/studenttracker/internals/validation/validation.go:75.43,76.34 1 0
github.com/Jisnu-Dev/studenttracker/internals/validation/validation.go:76.34,78.3 1 0
github.com/Jisnu-Dev/studenttracker/internals/validation/validation.go:79.2,79.12 1 0
github.com/Jisnu-Dev/studenttracker/internals/validation/validation.go:82.33,83.26 1 0
github.com/Jisnu-Dev/studenttracker/internals/validation/validation.go:83.26,85.3 1 0
github.com/Jisnu-Dev/studenttracker/internals/validation/validation.go:86.2,86.12 1 0
github.com/Jisnu-Dev/studenttracker/internals/validation/validation.go:89.46,90.20 1 0
github.com/Jisnu-Dev/studenttracker/internals/validation/validation.go:90.20,92.3 1 0
github.com/Jisnu-Dev/studenttracker/internals/validation/validation.go:93.2,94.16 2 0
github.com/Jisnu-Dev/studenttracker/internals/validation/validation.go:94.16,96.3 1 0
github.com/Jisnu-Dev/studenttracker/internals/validation/validation.go:97.2,97.39 1 0
github.com/Jisnu-Dev/studenttracker/internals/validation/validation.go:97.39,99.3 1 0
github.com/Jisnu-Dev/studenttracker/internals/validation/validation.go:101.2,102.30 2 0
github.com/Jisnu-Dev/studenttracker/internals/validation/validation.go:102.30,103.10 1 0
github.com/Jisnu-Dev/studenttracker/internals/validation/validation.go:104.60,105.70 1 0
github.com/Jisnu-Dev/studenttracker/internals/validation/validation.go:106.57,107.20 1 0
github.com/Jisnu-Dev/studenttracker/internals/validation/validation.go:108.31,109.19 1 0
github.com/Jisnu-Dev/studenttracker/internals/validation/validation.go:112.2,112.29 1 0
github.com/Jisnu-Dev/studenttracker/internals/validation/validation.go:112.29,114.3 1 0
github.com/Jisnu-Dev/studenttracker/internals/validation/validation.go:115.2,115.12 1 0
github.com/Jisnu-Dev/studenttracker/internals/validation/validation.go:118.58,119.17 1 0
github.com/Jisnu-Dev/studenttracker/internals/validation/validation.go:119.17,121.3 1 0
github.com/Jisnu-Dev/studenttracker/internals/validation/validation.go:122.2,122.50 1 0
github.com/Jisnu-Dev/studenttracker/internals/validation/validation.go:122.50,124.3 1 0
github.com/Jisnu-Dev/studenttracker/internals/validation/validation.go:125.2,125.12 1 0
github.com/Jisnu-Dev/studenttracker/internals/validation/validation.go:128.47,136.2 7 0
github.com/Jisnu-Dev/studenttracker/internals/validation/validation.go:138.57,141.97 2 0
github.com/Jisnu-Dev/studenttracker/internals/validation/validation.go:141.97,144.3 2 0
github.com/Jisnu-Dev/studenttracker/internals/validation/validation.go:146.2,146.19 1 0
github.com/Jisnu-Dev/studenttracker/internals/validation/validation.go:146.19,148.3 1 0
github.com/Jisnu-Dev/studenttracker/internals/validation/validation.go:149.2,149.20 1 0
github.com/Jisnu-Dev/studenttracker/internals/validation/validation.go:149.20,151.3 1 0
github.com/Jisnu-Dev/studenttracker/internals/validation/validation.go:152.2,152.25 1 0
github.com/Jisnu-Dev/studenttracker/internals/validation/validation.go:152.25,154.3 1 0
github.com/Jisnu-Dev/studenttracker/internals/validation/validation.go:155.2,155.23 1 0
github.com/Jisnu-Dev/studenttracker/internals/validation/validation.go:155.23,157.3 1 0
github.com/Jisnu-Dev/studenttracker/internals/validation/validation.go:158.2,158.18 1 0
github.com/Jisnu-Dev/studenttracker/internals/validation/validation.go:158.18,160.3 1 0
github.com/Jisnu-Dev/studenttracker/internals/validation/validation.go:162.2,162.23 1 0
github.com/Jisnu-Dev/studenttracker/internals/validation/validation.go:165.51,171.2 5 0
github.com/Jisnu-Dev/studenttracker/internals/validation/validation.go:173.55,178.2 4 0
github.com/Jisnu-Dev/studenttracker/internals/validation/utils/helpers.go:19.29,21.2 1 0
github.com/Jisnu-Dev/studenttracker/internals/validation/utils/helpers.go:23.33,25.2 1 0
github.com/Jisnu-Dev/studenttracker/internals/validation/utils/helpers.go:27.47,28.13 1 0
github.com/Jisnu-Dev/studenttracker/internals/validation/utils/helpers.go:28.13,30.3 1 0
github.com/Jisnu-Dev/studenttracker/internals/validation/utils/helpers.go:31.2,32.74 2 0
github.com/Jisnu-Dev/studenttracker/internals/validation/utils/helpers.go:35.50,37.2 1 0
github.com/Jisnu-Dev/studenttracker/internals/validation/utils/helpers.go:39.61,40.17 1 0
github.com/Jisnu-Dev/studenttracker/internals/validation/utils/helpers.go:40.17,42.3 1 0
github.com/Jisnu-Dev/studenttracker/internals/validation/utils/helpers.go:43.2,43.20 1 0
github.com/Jisnu-Dev/studenttracker/internals/validation/utils/helpers.go:43.20,45.3 1 0
github.com/Jisnu-Dev/studenttracker/internals/validation/utils/helpers.go:46.2,46.24 1 0
github.com/Jisnu-Dev/studenttracker/internals/validation/utils/helpers.go:46.24,48.3 1 0
github.com/Jisnu-Dev/studenttracker/internals/validation/utils/helpers.go:49.2,49.38 1 0
github.com/Jisnu-Dev/studenttracker/internals/validation/utils/helpers.go:49.38,51.3 1 0
github.com/Jisnu-Dev/studenttracker/internals/validation/utils/helpers.go:52.2,52.41 1 0
github.com/Jisnu-Dev/studenttracker/internals/validation/utils/helpers.go:52.41,54.3 1 0
github.com/Jisnu-Dev/studenttracker/internals/validation/utils/helpers.go:55.2,55.12 1 0
github.com/Jisnu-Dev/studenttracker/internals/validation/utils/helpers.go:60.42,61.17 1 0
github.com/Jisnu-Dev/studenttracker/internals/validation/utils/helpers.go:61.17,63.3 1 0
github.com/Jisnu-Dev/studenttracker/internals/validation/utils/helpers.go:64.2,65.29 2 0
github.com/Jisnu-Dev/studenttracker/internals/validation/utils/helpers.go:65.29,66.28 1 0
github.com/Jisnu-Dev/studenttracker/internals/validation/utils/helpers.go:66.28,68.4 1 0
github.com/Jisnu-Dev/studenttracker/internals/validation/utils/helpers.go:70.2,70.34 1 0
github.com/Jisnu-Dev/studenttracker/internals/validation/utils/helpers.go:73.44,75.2 1 0
github.com/Jisnu-Dev/studenttracker/internals/validation/utils/helpers.go:77.56,78.16 1 0
github.com/Jisnu-Dev/studenttracker/internals/validation/utils/helpers.go:78.16,80.3 1 0
github.com/Jisnu-Dev/studenttracker/internals/validation/utils/helpers.go:81.2,81.42 1 0
github.com/Jisnu-Dev/studenttracker/internals/validation/utils/helpers.go:84.43,85.19 1 0
github.com/Jisnu-Dev/studenttracker/internals/validation/utils/helpers.go:85.19,87.3 1 0
github.com/Jisnu-Dev/studenttracker/internals/validation/utils/helpers.go:88.2,88.12 1 0
github.com/Jisnu-Dev/studenttracker/internals/mocks/utils/testData.go:7.36,15.2 1 0
github.com/Jisnu-Dev/studenttracker/internals/mocks/utils/testUtils.go:12.13,14.2 1 0
github.com/Jisnu-Dev/studenttracker/internals/mocks/utils/testUtils.go:18.88,25.2 6 0
github.com/Jisnu-Dev/studenttracker/internals/mocks/utils/testUtils.go:29.117,33.2 3 0
github.com/Jisnu-Dev/studenttracker/internals/mocks/utils/testUtils.go:37.93,40.66 3 0
github.com/Jisnu-Dev/studenttracker/internals/mocks/utils/testUtils.go:40.66,42.3 1 0
github.com/Jisnu-Dev/studenttracker/internals/mocks/utils/testUtils.go:43.2,43.41 1 0
github.com/Jisnu-Dev/studenttracker/internals/mocks/utils/testUtils.go:43.41,45.10 2 0
github.com/Jisnu-Dev/studenttracker/internals/mocks/utils/testUtils.go:45.10,47.12 2 0
github.com/Jisnu-Dev/studenttracker/internals/mocks/utils/testUtils.go:49.3,51.46 3 0
github.com/Jisnu-Dev/studenttracker/internals/mocks/utils/testUtils.go:51.46,53.4 1 0
github.com/Jisnu-Dev/studenttracker/internals/mocks/utils/testUtils.go:58.83,61.66 3 0
github.com/Jisnu-Dev/studenttracker/internals/mocks/utils/testUtils.go:61.66,63.3 1 0
github.com/Jisnu-Dev/studenttracker/internals/mocks/utils/testUtils.go:64.2,65.9 2 0
github.com/Jisnu-Dev/studenttracker/internals/mocks/utils/testUtils.go:65.9,68.3 2 0
github.com/Jisnu-Dev/studenttracker/internals/mocks/utils/testUtils.go:69.2,69.26 1 0
github.com/Jisnu-Dev/studenttracker/internals/mocks/utils/testUtils.go:69.26,71.3 1 0
github.com/Jisnu-Dev/studenttracker/internals/mocks/mockService.go:35.74,38.30 2 0
github.com/Jisnu-Dev/studenttracker/internals/mocks/mockService.go:39.21,40.48 1 0
github.com/Jisnu-Dev/studenttracker/internals/mocks/mockService.go:41.23,42.49 1 0
github.com/Jisnu-Dev/studenttracker/internals/mocks/mockService.go:45.2,45.29 1 0
github.com/Jisnu-Dev/studenttracker/internals/mocks/mockService.go:45.29,47.3 1 0
github.com/Jisnu-Dev/studenttracker/internals/mocks/mockService.go:48.2,48.15 1 0
github.com/Jisnu-Dev/studenttracker/internals/mocks/mockService.go:51.66,52.31 1 0
github.com/Jisnu-Dev/studenttracker/internals/mocks/mockService.go:53.23,54.52 1 0
github.com/Jisnu-Dev/studenttracker/internals/mocks/mockService.go:57.2,57.27 1 0
github.com/Jisnu-Dev/studenttracker/internals/mocks/mockService.go:57.27,59.3 1 0
github.com/Jisnu-Dev/studenttracker/internals/mocks/mockService.go:61.2,61.25 1 0
github.com/Jisnu-Dev/studenttracker/internals/mocks/mockService.go:61.25,63.3 1 0
github.com/Jisnu-Dev/studenttracker/internals/mocks/mockService.go:65.2,67.8 1 0
github.com/Jisnu-Dev/studenttracker/internals/mocks/mockService.go:70.72,73.31 2 0
github.com/Jisnu-Dev/studenttracker/internals/mocks/mockService.go:74.18,75.60 1 0
github.com/Jisnu-Dev/studenttracker/internals/mocks/mockService.go:76.23,77.65 1 0
github.com/Jisnu-Dev/studenttracker/internals/mocks/mockService.go:80.2,80.23 1 0
github.com/Jisnu-Dev/studenttracker/internals/mocks/mockService.go:80.23,82.3 1 0
github.com/Jisnu-Dev/studenttracker/internals/mocks/mockService.go:83.2,83.77 1 0
github.com/Jisnu-Dev/studenttracker/internals/mocks/mockService.go:86.53,89.30 2 0
github.com/Jisnu-Dev/studenttracker/internals/mocks/mockService.go:90.18,91.42 1 0
github.com/Jisnu-Dev/studenttracker/internals/mocks/mockService.go:92.23,93.46 1 0
github.com/Jisnu-Dev/studenttracker/internals/mocks/mockService.go:96.2,96.12 1 0
github.com/Jisnu-Dev/studenttracker/internals/mocks/mockService.go:99.77,103.30 3 0
github.com/Jisnu-Dev/studenttracker/internals/mocks/mockService.go:104.18,105.42 1 0
github.com/Jisnu-Dev/studenttracker/internals/mocks/mockService.go:106.21,107.45 1 0
github.com/Jisnu-Dev/studenttracker/internals/mocks/mockService.go:108.23,109.46 1 0
github.com/Jisnu-Dev/studenttracker/internals/mocks/mockService.go:112.2,112.12 1 0
github.com/Jisnu-Dev/studenttracker/internals/mocks/mockService.go:115.81,119.29 3 0
github.com/Jisnu-Dev/studenttracker/internals/mocks/mockService.go:120.18,121.42 1 0
github.com/Jisnu-Dev/studenttracker/internals/mocks/mockService.go:122.21,123.45 1 0
github.com/Jisnu-Dev/studenttracker/internals/mocks/mockService.go:124.26,125.43 1 0
github.com/Jisnu-Dev/studenttracker/internals/mocks/mockService.go:126.23,127.45 1 0
github.com/Jisnu-Dev/studenttracker/internals/mocks/mockService.go:130.2,130.12 1 0
github.com/Jisnu-Dev/studenttracker/internals/mocks/mockService.go:133.72,136.30 2 0
github.com/Jisnu-Dev/studenttracker/internals/mocks/mockService.go:137.21,138.46 1 0
github.com/Jisnu-Dev/studenttracker/internals/mocks/mockService.go:139.23,140.49 1 0
github.com/Jisnu-Dev/studenttracker/internals/mocks/mockService.go:143.2,143.30 1 0
github.com/Jisnu-Dev/studenttracker/internals/mocks/mockService.go:143.30,145.3 1 0
github.com/Jisnu-Dev/studenttracker/internals/mocks/mockService.go:146.2,146.15 1 0
github.com/Jisnu-Dev/studenttracker/internals/mocks/mockService.go:149.75,152.32 2 0
github.com/Jisnu-Dev/studenttracker/internals/mocks/mockService.go:153.18,154.56 1 0
github.com/Jisnu-Dev/studenttracker/internals/mocks/mockService.go:155.23,156.64 1 0
github.com/Jisnu-Dev/studenttracker/internals/mocks/mockService.go:159.2,159.25 1 0
github.com/Jisnu-Dev/studenttracker/internals/mocks/mockService.go:159.25,161.3 1 0
github.com/Jisnu-Dev/studenttracker/internals/mocks/mockService.go:162.2,162.102 1 0
github.com/Jisnu-Dev/studenttracker/internals/mocks/mockTokenclientService.go:22.112,26.30 3 0
github.com/Jisnu-Dev/studenttracker/internals/mocks/mockTokenclientService.go:27.23,28.52 1 0
github.com/Jisnu-Dev/studenttracker/internals/mocks/mockTokenclientService.go:31.2,31.19 1 0
github.com/Jisnu-Dev/studenttracker/internals/mocks/mockTokenclientService.go:31.19,33.3 1 0
github.com/Jisnu-Dev/studenttracker/internals/mocks/mockTokenclientService.go:34.2,34.30 1 0
github.com/Jisnu-Dev/studenttracker/internals/mocks/mockTokenclientService.go:37.105,40.30 2 0
github.com/Jisnu-Dev/studenttracker/internals/mocks/mockTokenclientService.go:41.23,42.74 1 0
github.com/Jisnu-Dev/studenttracker/internals/mocks/mockTokenclientService.go:43.34,44.27 1 0
github.com/Jisnu-Dev/studenttracker/internals/mocks/mockTokenclientService.go:47.2,48.20 2 0
github.com/Jisnu-Dev/studenttracker/internals/mocks/mockTokenclientService.go:48.20,50.3 1 0
github.com/Jisnu-Dev/studenttracker/internals/mocks/mockTokenclientService.go:52.2,53.19 2 0
github.com/Jisnu-Dev/studenttracker/internals/mocks/mockTokenclientService.go:53.19,55.3 1 0
github.com/Jisnu-Dev/studenttracker/internals/mocks/mockTokenclientService.go:57.2,57.34 1 0
github.com/Jisnu-Dev/studenttracker/internals/handlers/createStudentHandler.go:14.56,17.34 2 1
github.com/Jisnu-Dev/studenttracker/internals/handlers/createStudentHandler.go:17.34,19.3 1 1
github.com/Jisnu-Dev/studenttracker/internals/handlers/createStudentHandler.go:22.2,22.61 1 1
github.com/Jisnu-Dev/studenttracker/internals/handlers/createStudentHandler.go:22.61,25.3 2 1
github.com/Jisnu-Dev/studenttracker/internals/handlers/createStudentHandler.go:28.2,29.16 2 1
github.com/Jisnu-Dev/studenttracker/internals/handlers/createStudentHandler.go:29.16,30.58 1 1
github.com/Jisnu-Dev/studenttracker/internals/handlers/createStudentHandler.go:30.58,33.4 2 1
github.com/Jisnu-Dev/studenttracker/internals/handlers/createStudentHandler.go:34.3,35.9 2 1
github.com/Jisnu-Dev/studenttracker/internals/handlers/createStudentHandler.go:38.2,41.4 1 1
github.com/Jisnu-Dev/studenttracker/internals/handlers/deleteStudentHandler.go:12.56,14.9 2 1
github.com/Jisnu-Dev/studenttracker/internals/handlers/deleteStudentHandler.go:14.9,16.3 1 1
github.com/Jisnu-Dev/studenttracker/internals/handlers/deleteStudentHandler.go:18.2,19.16 2 1
github.com/Jisnu-Dev/studenttracker/internals/handlers/deleteStudentHandler.go:19.16,20.55 1 1
github.com/Jisnu-Dev/studenttracker/internals/handlers/deleteStudentHandler.go:20.55,23.4 2 1
github.com/Jisnu-Dev/studenttracker/internals/handlers/deleteStudentHandler.go:24.3,25.9 2 1
github.com/Jisnu-Dev/studenttracker/internals/handlers/deleteStudentHandler.go:28.2,31.4 1 1
github.com/Jisnu-Dev/studenttracker/internals/handlers/getAllStudentsHandler.go:10.57,12.16 2 1
github.com/Jisnu-Dev/studenttracker/internals/handlers/getAllStudentsHandler.go:12.16,15.3 2 1
github.com/Jisnu-Dev/studenttracker/internals/handlers/getAllStudentsHandler.go:16.2,16.51 1 1
github.com/Jisnu-Dev/studenttracker/internals/handlers/getStudentByIDHandler.go:12.57,14.9 2 1
github.com/Jisnu-Dev/studenttracker/internals/handlers/getStudentByIDHandler.go:14.9,16.3 1 1
github.com/Jisnu-Dev/studenttracker/internals/handlers/getStudentByIDHandler.go:18.2,19.16 2 1
github.com/Jisnu-Dev/studenttracker/internals/handlers/getStudentByIDHandler.go:19.16,20.55 1 1
github.com/Jisnu-Dev/studenttracker/internals/handlers/getStudentByIDHandler.go:20.55,23.4 2 1
github.com/Jisnu-Dev/studenttracker/internals/handlers/getStudentByIDHandler.go:24.3,25.9 2 1
github.com/Jisnu-Dev/studenttracker/internals/handlers/getStudentByIDHandler.go:28.2,28.68 1 1
github.com/Jisnu-Dev/studenttracker/internals/handlers/handler.go:13.103,18.2 1 1
github.com/Jisnu-Dev/studenttracker/internals/handlers/loginAdminHandler.go:15.53,18.30 2 1
github.com/Jisnu-Dev/studenttracker/internals/handlers/loginAdminHandler.go:18.30,20.3 1 1
github.com/Jisnu-Dev/studenttracker/internals/handlers/loginAdminHandler.go:22.2,22.60 1 1
github.com/Jisnu-Dev/studenttracker/internals/handlers/loginAdminHandler.go:22.60,25.3 2 1
github.com/Jisnu-Dev/studenttracker/internals/handlers/loginAdminHandler.go:27.2,29.16 3 1
github.com/Jisnu-Dev/studenttracker/internals/handlers/loginAdminHandler.go:29.16,30.53 1 1
github.com/Jisnu-Dev/studenttracker/internals/handlers/loginAdminHandler.go:30.53,33.4 2 1
github.com/Jisnu-Dev/studenttracker/internals/handlers/loginAdminHandler.go:34.3,35.9 2 1
github.com/Jisnu-Dev/studenttracker/internals/handlers/loginAdminHandler.go:38.2,38.60 1 1
github.com/Jisnu-Dev/studenttracker/internals/handlers/loginAdminHandler.go:38.60,41.3 2 1
github.com/Jisnu-Dev/studenttracker/internals/handlers/loginAdminHandler.go:43.2,44.16 2 1
github.com/Jisnu-Dev/studenttracker/internals/handlers/loginAdminHandler.go:44.16,47.3 2 1
github.com/Jisnu-Dev/studenttracker/internals/handlers/loginAdminHandler.go:49.2,53.4 1 1
github.com/Jisnu-Dev/studenttracker/internals/handlers/patchStudentHandler.go:14.55,16.9 2 1
github.com/Jisnu-Dev/studenttracker/internals/handlers/patchStudentHandler.go:16.9,18.3 1 1
github.com/Jisnu-Dev/studenttracker/internals/handlers/patchStudentHandler.go:20.2,21.39 2 1
github.com/Jisnu-Dev/studenttracker/internals/handlers/patchStudentHandler.go:21.39,23.3 1 1
github.com/Jisnu-Dev/studenttracker/internals/handlers/patchStudentHandler.go:25.2,25.71 1 1
github.com/Jisnu-Dev/studenttracker/internals/handlers/patchStudentHandler.go:25.71,28.3 2 1
github.com/Jisnu-Dev/studenttracker/internals/handlers/patchStudentHandler.go:30.2,30.65 1 1
github.com/Jisnu-Dev/studenttracker/internals/handlers/patchStudentHandler.go:30.65,31.55 1 1
github.com/Jisnu-Dev/studenttracker/internals/handlers/patchStudentHandler.go:31.55,34.4 2 1
github.com/Jisnu-Dev/studenttracker/internals/handlers/patchStudentHandler.go:35.3,35.58 1 1
github.com/Jisnu-Dev/studenttracker/internals/handlers/patchStudentHandler.go:35.58,38.4 2 1
github.com/Jisnu-Dev/studenttracker/internals/handlers/patchStudentHandler.go:39.3,39.56 1 1
github.com/Jisnu-Dev/studenttracker/internals/handlers/patchStudentHandler.go:39.56,42.4 2 1
github.com/Jisnu-Dev/studenttracker/internals/handlers/patchStudentHandler.go:43.3,44.9 2 1
github.com/Jisnu-Dev/studenttracker/internals/handlers/patchStudentHandler.go:47.2,47.91 1 1
github.com/Jisnu-Dev/studenttracker/internals/handlers/registerAdminHandler.go:14.56,17.32 2 1
github.com/Jisnu-Dev/studenttracker/internals/handlers/registerAdminHandler.go:17.32,19.3 1 1
github.com/Jisnu-Dev/studenttracker/internals/handlers/registerAdminHandler.go:21.2,21.65 1 1
github.com/Jisnu-Dev/studenttracker/internals/handlers/registerAdminHandler.go:21.65,24.3 2 1
github.com/Jisnu-Dev/studenttracker/internals/handlers/registerAdminHandler.go:26.2,27.16 2 1
github.com/Jisnu-Dev/studenttracker/internals/handlers/registerAdminHandler.go:27.16,30.3 2 1
github.com/Jisnu-Dev/studenttracker/internals/handlers/registerAdminHandler.go:32.2,35.16 3 1
github.com/Jisnu-Dev/studenttracker/internals/handlers/registerAdminHandler.go:35.16,36.56 1 1
github.com/Jisnu-Dev/studenttracker/internals/handlers/registerAdminHandler.go:36.56,39.4 2 1
github.com/Jisnu-Dev/studenttracker/internals/handlers/registerAdminHandler.go:40.3,41.9 2 1
github.com/Jisnu-Dev/studenttracker/internals/handlers/registerAdminHandler.go:45.2,46.16 2 1
github.com/Jisnu-Dev/studenttracker/internals/handlers/registerAdminHandler.go:46.16,49.3 2 1
github.com/Jisnu-Dev/studenttracker/internals/handlers/registerAdminHandler.go:51.2,55.4 1 1
github.com/Jisnu-Dev/studenttracker/internals/handlers/updateStudentHandler.go:14.56,16.9 2 1
github.com/Jisnu-Dev/studenttracker/internals/handlers/updateStudentHandler.go:16.9,18.3 1 1
github.com/Jisnu-Dev/studenttracker/internals/handlers/updateStudentHandler.go:20.2,21.34 2 1
github.com/Jisnu-Dev/studenttracker/internals/handlers/updateStudentHandler.go:21.34,23.3 1 1
github.com/Jisnu-Dev/studenttracker/internals/handlers/updateStudentHandler.go:25.2,25.61 1 1
github.com/Jisnu-Dev/studenttracker/internals/handlers/updateStudentHandler.go:25.61,28.3 2 1
github.com/Jisnu-Dev/studenttracker/internals/handlers/updateStudentHandler.go:30.2,30.61 1 1
github.com/Jisnu-Dev/studenttracker/internals/handlers/updateStudentHandler.go:30.61,31.55 1 1
github.com/Jisnu-Dev/studenttracker/internals/handlers/updateStudentHandler.go:31.55,34.4 2 1
github.com/Jisnu-Dev/studenttracker/internals/handlers/updateStudentHandler.go:35.3,35.58 1 1
github.com/Jisnu-Dev/studenttracker/internals/handlers/updateStudentHandler.go:35.58,38.4 2 1
github.com/Jisnu-Dev/studenttracker/internals/handlers/updateStudentHandler.go:39.3,40.9 2 1
github.com/Jisnu-Dev/studenttracker/internals/handlers/updateStudentHandler.go:43.2,43.91 1 1
